{
  "data": {
    "registerAttendee": {
      "attendee": {
        "id": "QXR0ZW5kZWU6MQ=="
      }
    }
  }
}
